<html>

<head>
    <title>subfolder2</title>

    <!-- load global style -->
    <link href="/css/style.scss" rel="stylesheet">


    <!-- load global script -->
    <script src="/scripts/main.js" defer="defer"></script>
</head>

<body>
    <h1>subfolder2</h1>
    <img src="/img/mieco/placeholder.png">
</body>

</html>