<html>

<head>
    <title>builders challenge</title>

    <!-- load global style -->
    <link href="/css/style.scss" rel="stylesheet">


    <!-- load global script -->
    <script src="/scripts/main.js" defer="defer"></script>
</head>

<body>
    <h1>builders-challenge</h1>
    <img src="/img/builders-challenge/placeholder.png">
</body>

</html>